client:495 [vite] connecting...
client:618 [vite] connected.
chunk-5WRI5ZAA.js?v=306301de:8 Download the React DevTools for a better development experience: https://reactjs.org/link/react-devtools
VM5398 sandbox_bundle:2 Electron Security Warning (Insecure Content-Security-Policy) This renderer process has either no Content Security
  Policy set or a policy with "unsafe-eval" enabled. This exposes users of
  this app to unnecessary security risks.

For more information and help, consult
https://electronjs.org/docs/tutorial/security.
This warning will not show up
once the app is packaged.
warnAboutInsecureCSP @ VM5398 sandbox_bundle:2
logSecurityWarnings @ VM5398 sandbox_bundle:2
（匿名） @ VM5398 sandbox_bundle:2
load（异步）
securityWarnings @ VM5398 sandbox_bundle:2
./lib/renderer/common-init.ts @ VM5398 sandbox_bundle:2
__webpack_require__ @ VM5398 sandbox_bundle:2
（匿名） @ VM5398 sandbox_bundle:2
（匿名） @ VM5398 sandbox_bundle:2
___electron_webpack_init__ @ VM5398 sandbox_bundle:2
（匿名） @ VM5398 sandbox_bundle:2
Header.tsx:36 Header 渲染 - 标签页数据: {projectTabsLength: 0, projectTabs: Array(0), activeTabId: undefined, hasOnTabSelect: false, hasOnTabClose: false, …}
Header.tsx:36 Header 渲染 - 标签页数据: {projectTabsLength: 0, projectTabs: Array(0), activeTabId: undefined, hasOnTabSelect: false, hasOnTabClose: false, …}
App.tsx:118 打开项目库
Header.tsx:36 Header 渲染 - 标签页数据: {projectTabsLength: 0, projectTabs: Array(0), activeTabId: undefined, hasOnTabSelect: true, hasOnTabClose: true, …}
Header.tsx:36 Header 渲染 - 标签页数据: {projectTabsLength: 0, projectTabs: Array(0), activeTabId: undefined, hasOnTabSelect: true, hasOnTabClose: true, …}
useProjectManagement.ts:64 初始化项目管理服务
useProjectManagement.ts:77 初始状态同步: {tabsCount: 2, activeTabId: '1756449993439-qpyvyvefw'}
Editor.tsx:158 Editor 初始化尺寸: {containerWidth: 920, containerHeight: 852, isElectron: {…}, containerRect: DOMRect, windowSize: {…}, …}
editorInitializer.ts:33 开始安全的编辑器初始化
Header.tsx:36 Header 渲染 - 标签页数据: {projectTabsLength: 2, projectTabs: Array(2), activeTabId: '1756449993439-qpyvyvefw', hasOnTabSelect: true, hasOnTabClose: true, …}
Header.tsx:36 Header 渲染 - 标签页数据: {projectTabsLength: 2, projectTabs: Array(2), activeTabId: '1756449993439-qpyvyvefw', hasOnTabSelect: true, hasOnTabClose: true, …}
ProjectTabs.tsx:35 ProjectTabs 渲染: {tabsCount: 2, tabs: Array(2), activeTabId: '1756449993439-qpyvyvefw', hasOnTabSelect: true}
ProjectTabs.tsx:35 ProjectTabs 渲染: {tabsCount: 2, tabs: Array(2), activeTabId: '1756449993439-qpyvyvefw', hasOnTabSelect: true}
host_event_manager.ts:144 [Violation] Added non-passive event listener to a scroll-blocking 'wheel' event. Consider marking event handler as 'passive' to make the page more responsive. See https://www.chromestatus.com/feature/5745543795965952
bindWheelEvent @ host_event_manager.ts:144
bindHotkeys @ host_event_manager.ts:47
GAssetForgeEditor @ editor.ts:135
initializeEditorSafely @ editorInitializer.ts:48
tool_manager.ts:110 drawImg has no hotkey
tool_manager.ts:128 register same hotkey: "KeyV"
tool_manager.ts:110 drawRegularPolygon has no hotkey
tool_manager.ts:110 drawStar has no hotkey
graphics_manger.ts:19 graphics 0-0 has added
add @ graphics_manger.ts:19
addGraphics @ document.ts:272
addItems @ scene_graph.ts:75
GAssetForgeEditor @ editor.ts:170
initializeEditorSafely @ editorInitializer.ts:48
await in initializeEditorSafely（异步）
initializeEditor @ Editor.tsx:171
（匿名） @ Editor.tsx:433
requestAnimationFrame（异步）
（匿名） @ Editor.tsx:430
commitHookEffectListMount @ react-dom.development.js:23189
invokePassiveEffectMountInDEV @ react-dom.development.js:25193
invokeEffectsInDev @ react-dom.development.js:27390
commitDoubleInvokeEffectsInDEV @ react-dom.development.js:27369
flushPassiveEffectsImpl @ react-dom.development.js:27095
flushPassiveEffects @ react-dom.development.js:27023
commitRootImpl @ react-dom.development.js:26974
commitRoot @ react-dom.development.js:26721
performSyncWorkOnRoot @ react-dom.development.js:26156
flushSyncCallbacks @ react-dom.development.js:12042
（匿名） @ react-dom.development.js:25690
显示另外 11 个框架
收起
graphics_manger.ts:19 graphics db568c13-35d3-4d97-802c-453dd14b38e2 has added
add @ graphics_manger.ts:19
addGraphics @ document.ts:272
addItems @ scene_graph.ts:75
GAssetForgeEditor @ editor.ts:170
initializeEditorSafely @ editorInitializer.ts:48
await in initializeEditorSafely（异步）
initializeEditor @ Editor.tsx:171
（匿名） @ Editor.tsx:433
requestAnimationFrame（异步）
（匿名） @ Editor.tsx:430
commitHookEffectListMount @ react-dom.development.js:23189
invokePassiveEffectMountInDEV @ react-dom.development.js:25193
invokeEffectsInDev @ react-dom.development.js:27390
commitDoubleInvokeEffectsInDEV @ react-dom.development.js:27369
flushPassiveEffectsImpl @ react-dom.development.js:27095
flushPassiveEffects @ react-dom.development.js:27023
commitRootImpl @ react-dom.development.js:26974
commitRoot @ react-dom.development.js:26721
performSyncWorkOnRoot @ react-dom.development.js:26156
flushSyncCallbacks @ react-dom.development.js:12042
（匿名） @ react-dom.development.js:25690
显示另外 11 个框架
收起
document.ts:106 当前画布ID "" 无效，切换到有效画布: db568c13-35d3-4d97-802c-453dd14b38e2
getCurrentCanvas @ document.ts:106
setCurrentCanvas @ document.ts:130
GAssetForgeEditor @ editor.ts:178
initializeEditorSafely @ editorInitializer.ts:48
await in initializeEditorSafely（异步）
initializeEditor @ Editor.tsx:171
（匿名） @ Editor.tsx:433
requestAnimationFrame（异步）
（匿名） @ Editor.tsx:430
commitHookEffectListMount @ react-dom.development.js:23189
invokePassiveEffectMountInDEV @ react-dom.development.js:25193
invokeEffectsInDev @ react-dom.development.js:27390
commitDoubleInvokeEffectsInDEV @ react-dom.development.js:27369
flushPassiveEffectsImpl @ react-dom.development.js:27095
flushPassiveEffects @ react-dom.development.js:27023
commitRootImpl @ react-dom.development.js:26974
commitRoot @ react-dom.development.js:26721
performSyncWorkOnRoot @ react-dom.development.js:26156
flushSyncCallbacks @ react-dom.development.js:12042
（匿名） @ react-dom.development.js:25690
显示另外 11 个框架
收起
document.ts:136 画布切换：保存选择状态 []
document.ts:141 画布切换：保存视口状态 {x: 0, y: 0, zoom: 1}
document.ts:153 画布切换：已切换到画布 db568c13-35d3-4d97-802c-453dd14b38e2
document.ts:188 画布切换：清空选择状态（无保存状态）
document.ts:194 画布切换：恢复视口状态 {x: 0, y: 0, zoom: 1}
canvasStateManager.ts:273 画布状态管理器：编辑器实例已设置
canvasStateManager.ts:105 画布状态管理器：sceneGraph状态检查通过
canvasStateManager.ts:154 画布状态管理器：当前画布有效 db568c13-35d3-4d97-802c-453dd14b38e2
editorInitializer.ts:71 编辑器初始化成功
graphics_manger.ts:19 graphics db568c13-35d3-4d97-802c-453dd14b38e2 has added
add @ graphics_manger.ts:19
addGraphics @ document.ts:272
addItems @ scene_graph.ts:75
load @ scene_graph.ts:434
setContents @ editor.ts:204
AutoSaveGraphics @ auto-save-graphs.ts:24
initializeEditor @ Editor.tsx:202
await in initializeEditor（异步）
（匿名） @ Editor.tsx:433
requestAnimationFrame（异步）
（匿名） @ Editor.tsx:430
commitHookEffectListMount @ react-dom.development.js:23189
invokePassiveEffectMountInDEV @ react-dom.development.js:25193
invokeEffectsInDev @ react-dom.development.js:27390
commitDoubleInvokeEffectsInDEV @ react-dom.development.js:27369
flushPassiveEffectsImpl @ react-dom.development.js:27095
flushPassiveEffects @ react-dom.development.js:27023
commitRootImpl @ react-dom.development.js:26974
commitRoot @ react-dom.development.js:26721
performSyncWorkOnRoot @ react-dom.development.js:26156
flushSyncCallbacks @ react-dom.development.js:12042
（匿名） @ react-dom.development.js:25690
显示另外 11 个框架
收起
document.ts:106 当前画布ID "" 无效，切换到有效画布: db568c13-35d3-4d97-802c-453dd14b38e2
getCurrentCanvas @ document.ts:106
setCurrentCanvas @ document.ts:130
setContents @ editor.ts:214
AutoSaveGraphics @ auto-save-graphs.ts:24
initializeEditor @ Editor.tsx:202
await in initializeEditor（异步）
（匿名） @ Editor.tsx:433
requestAnimationFrame（异步）
（匿名） @ Editor.tsx:430
commitHookEffectListMount @ react-dom.development.js:23189
invokePassiveEffectMountInDEV @ react-dom.development.js:25193
invokeEffectsInDev @ react-dom.development.js:27390
commitDoubleInvokeEffectsInDEV @ react-dom.development.js:27369
flushPassiveEffectsImpl @ react-dom.development.js:27095
flushPassiveEffects @ react-dom.development.js:27023
commitRootImpl @ react-dom.development.js:26974
commitRoot @ react-dom.development.js:26721
performSyncWorkOnRoot @ react-dom.development.js:26156
flushSyncCallbacks @ react-dom.development.js:12042
（匿名） @ react-dom.development.js:25690
显示另外 11 个框架
收起
document.ts:136 画布切换：保存选择状态 []
document.ts:141 画布切换：保存视口状态 {x: 0, y: 0, zoom: 1}
document.ts:153 画布切换：已切换到画布 db568c13-35d3-4d97-802c-453dd14b38e2
document.ts:188 画布切换：清空选择状态（无保存状态）
document.ts:194 画布切换：恢复视口状态 {x: 0, y: 0, zoom: 1}
useProjectManagement.ts:230 设置编辑器实例
canvasStateManager.ts:273 画布状态管理器：编辑器实例已设置
canvasStateManager.ts:273 画布状态管理器：编辑器实例已设置
canvasStateManager.ts:105 画布状态管理器：sceneGraph状态检查通过
Editor.tsx:211 项目管理服务已设置为全局可用
Editor.tsx:249 编辑器设置管理器可用
Editor.tsx:254 编辑器设置管理器已初始化
Editor.tsx:261 编辑器初始化完成: {editor: true, toolManager: true, viewportManager: true, setting: true}
Editor.tsx:340 已绑定编辑器滚轮事件监听器
Editor.tsx:344 编辑器状态检查: {hasEditor: true, hasToolManager: true, hasViewportManager: true, hasSetting: true, containerElement: true, …}
canvasStateManager.ts:273 画布状态管理器：编辑器实例已设置
canvasStateManager.ts:273 画布状态管理器：编辑器实例已设置
Header.tsx:36 Header 渲染 - 标签页数据: {projectTabsLength: 2, projectTabs: Array(2), activeTabId: '1756449993439-qpyvyvefw', hasOnTabSelect: true, hasOnTabClose: true, …}
Header.tsx:36 Header 渲染 - 标签页数据: {projectTabsLength: 2, projectTabs: Array(2), activeTabId: '1756449993439-qpyvyvefw', hasOnTabSelect: true, hasOnTabClose: true, …}
ProjectTabs.tsx:35 ProjectTabs 渲染: {tabsCount: 2, tabs: Array(2), activeTabId: '1756449993439-qpyvyvefw', hasOnTabSelect: true}
ProjectTabs.tsx:35 ProjectTabs 渲染: {tabsCount: 2, tabs: Array(2), activeTabId: '1756449993439-qpyvyvefw', hasOnTabSelect: true}
Pages.tsx:48 Pages: 创建画布状态管理器
canvasStateManager.ts:273 画布状态管理器：编辑器实例已设置
Pages.tsx:158 Pages: 已监听编辑器销毁事件
Pages.tsx:163 Pages: 已监听编辑器状态变化
Editor.tsx:706 已监听编辑器sceneGraph.render事件
Editor.tsx:698 画布渲染事件触发，可能表示内容变化
Editor.tsx:276 编辑器容器信息 (延迟检查): {element: div.editor-canvas-container, hasEventListeners: false, style: '', dimensions: {…}, computedStyle: CSSStyleDeclaration, …}
canvasStateManager.ts:105 画布状态管理器：sceneGraph状态检查通过
Pages.tsx:82 Pages: 从编辑器获取到页面数据: [{…}]
Pages.tsx:87 Pages: 最终获取到页面数据: [{…}]
canvasStateManager.ts:105 画布状态管理器：sceneGraph状态检查通过
canvasStateManager.ts:154 画布状态管理器：当前画布有效 db568c13-35d3-4d97-802c-453dd14b38e2
Pages.tsx:97 Pages: 设置当前页面ID: db568c13-35d3-4d97-802c-453dd14b38e2
Pages.tsx:202 Pages: 清理画布状态管理器
canvasStateManager.ts:295 画布状态管理器：开始销毁
canvasStateManager.ts:301 画布状态管理器：销毁完成
Pages.tsx:48 Pages: 创建画布状态管理器
canvasStateManager.ts:273 画布状态管理器：编辑器实例已设置
Pages.tsx:158 Pages: 已监听编辑器销毁事件
Pages.tsx:163 Pages: 已监听编辑器状态变化
canvasStateManager.ts:105 画布状态管理器：sceneGraph状态检查通过
canvasStateManager.ts:105 画布状态管理器：sceneGraph状态检查通过
canvasStateManager.ts:154 画布状态管理器：当前画布有效 db568c13-35d3-4d97-802c-453dd14b38e2
canvasStateManager.ts:105 画布状态管理器：sceneGraph状态检查通过
canvasStateManager.ts:105 画布状态管理器：sceneGraph状态检查通过
canvasStateManager.ts:154 画布状态管理器：当前画布有效 db568c13-35d3-4d97-802c-453dd14b38e2
canvasStateManager.ts:105 画布状态管理器：sceneGraph状态检查通过
canvasStateManager.ts:105 画布状态管理器：sceneGraph状态检查通过
canvasStateManager.ts:154 画布状态管理器：当前画布有效 db568c13-35d3-4d97-802c-453dd14b38e2
canvasStateManager.ts:105 画布状态管理器：sceneGraph状态检查通过
canvasStateManager.ts:105 画布状态管理器：sceneGraph状态检查通过
canvasStateManager.ts:154 画布状态管理器：当前画布有效 db568c13-35d3-4d97-802c-453dd14b38e2
canvasStateManager.ts:105 画布状态管理器：sceneGraph状态检查通过
canvasStateManager.ts:105 画布状态管理器：sceneGraph状态检查通过
canvasStateManager.ts:154 画布状态管理器：当前画布有效 db568c13-35d3-4d97-802c-453dd14b38e2
canvasStateManager.ts:76 画布状态管理器：编辑器未初始化
validateEditorState @ canvasStateManager.ts:76
（匿名） @ canvasStateManager.ts:278
setTimeout（异步）
setEditor @ canvasStateManager.ts:276
（匿名） @ Pages.tsx:53
commitHookEffectListMount @ react-dom.development.js:23189
commitPassiveMountOnFiber @ react-dom.development.js:24965
commitPassiveMountEffects_complete @ react-dom.development.js:24930
commitPassiveMountEffects_begin @ react-dom.development.js:24917
commitPassiveMountEffects @ react-dom.development.js:24905
flushPassiveEffectsImpl @ react-dom.development.js:27078
flushPassiveEffects @ react-dom.development.js:27023
（匿名） @ react-dom.development.js:26808
workLoop @ scheduler.development.js:266
flushWork @ scheduler.development.js:239
performWorkUntilDeadline @ scheduler.development.js:533
显示另外 11 个框架
收起
canvasStateManager.ts:280 画布状态管理器：编辑器状态验证失败
（匿名） @ canvasStateManager.ts:280
setTimeout（异步）
setEditor @ canvasStateManager.ts:276
（匿名） @ Pages.tsx:53
commitHookEffectListMount @ react-dom.development.js:23189
commitPassiveMountOnFiber @ react-dom.development.js:24965
commitPassiveMountEffects_complete @ react-dom.development.js:24930
commitPassiveMountEffects_begin @ react-dom.development.js:24917
commitPassiveMountEffects @ react-dom.development.js:24905
flushPassiveEffectsImpl @ react-dom.development.js:27078
flushPassiveEffects @ react-dom.development.js:27023
（匿名） @ react-dom.development.js:26808
workLoop @ scheduler.development.js:266
flushWork @ scheduler.development.js:239
performWorkUntilDeadline @ scheduler.development.js:533
显示另外 11 个框架
收起
canvasStateManager.ts:105 画布状态管理器：sceneGraph状态检查通过
Pages.tsx:82 Pages: 从编辑器获取到页面数据: [{…}]
Pages.tsx:87 Pages: 最终获取到页面数据: [{…}]
canvasStateManager.ts:105 画布状态管理器：sceneGraph状态检查通过
canvasStateManager.ts:154 画布状态管理器：当前画布有效 db568c13-35d3-4d97-802c-453dd14b38e2
Pages.tsx:97 Pages: 设置当前页面ID: db568c13-35d3-4d97-802c-453dd14b38e2
canvasStateManager.ts:105 画布状态管理器：sceneGraph状态检查通过
canvasStateManager.ts:105 画布状态管理器：sceneGraph状态检查通过
canvasStateManager.ts:154 画布状态管理器：当前画布有效 db568c13-35d3-4d97-802c-453dd14b38e2
Pages.tsx:123 Pages: 状态恢复成功，找到页面: 1
editorInitializer.ts:234 编辑器状态诊断
editorInitializer.ts:238 基本组件状态: {hasDoc: true, hasSceneGraph: true, hasViewportManager: true, hasCanvasElement: true, hasCtx: true, …}
editorInitializer.ts:250 文档状态: {hasGraphicsStoreManager: true, currentCanvasId: 'db568c13-35d3-4d97-802c-453dd14b38e2'}
editorInitializer.ts:260 画布状态: {canvasCount: 1, hasCurrentCanvas: true, currentCanvasId: 'db568c13-35d3-4d97-802c-453dd14b38e2', currentCanvasName: 'Page 1', canvasIds: Array(1)}
editorInitializer.ts:270 画布 0: {id: 'db568c13-35d3-4d97-802c-453dd14b38e2', name: 'Page 1', hasAttrs: true, isDeleted: false}
editorInitializer.ts:282 视口状态: {zoom: 1, viewMatrix: Matrix}
editorInitializer.ts:290 选择状态: {selectedCount: 0, selectedIds: Array(0)}
ProjectManagementService.ts:448 标记项目为已修改: 1756449993439-qpyvyvefw
ProjectManagementService.ts:452 项目标签页状态更新: 未修改 → 已修改
ProjectManagementService.ts:458 已发射tabsChanged事件，标签页数量: 2
ProjectManagementService.ts:470 通知自动保存服务项目已修改
ProjectTabs.tsx:44 标签页被点击: 1756460318505-o152f6b9m
ProjectManagementService.ts:268 切换到标签页: 1756460318505-o152f6b9m
ProjectManagementService.ts:336 标签页切换完成: {tabId: '1756460318505-o152f6b9m', activeTabId: '1756460318505-o152f6b9m', tabsCount: 2}
canvasStateManager.ts:295 画布状态管理器：开始销毁
canvasStateManager.ts:301 画布状态管理器：销毁完成
useProjectManagement.ts:189 检测到状态不同步，触发同步: {serviceTabs: 2, reactTabs: 2, serviceActiveTabId: '1756460318505-o152f6b9m', reactActiveTabId: '1756449993439-qpyvyvefw'}
Header.tsx:36 Header 渲染 - 标签页数据: {projectTabsLength: 2, projectTabs: Array(2), activeTabId: '1756460318505-o152f6b9m', hasOnTabSelect: true, hasOnTabClose: true, …}
Header.tsx:36 Header 渲染 - 标签页数据: {projectTabsLength: 2, projectTabs: Array(2), activeTabId: '1756460318505-o152f6b9m', hasOnTabSelect: true, hasOnTabClose: true, …}
ProjectTabs.tsx:35 ProjectTabs 渲染: {tabsCount: 2, tabs: Array(2), activeTabId: '1756460318505-o152f6b9m', hasOnTabSelect: true}
ProjectTabs.tsx:35 ProjectTabs 渲染: {tabsCount: 2, tabs: Array(2), activeTabId: '1756460318505-o152f6b9m', hasOnTabSelect: true}
Editor.tsx:724 已清理编辑器事件监听器
Editor.tsx:706 已监听编辑器sceneGraph.render事件
Editor.tsx:698 画布渲染事件触发，可能表示内容变化
Editor.tsx:698 画布渲染事件触发，可能表示内容变化
Editor.tsx:698 画布渲染事件触发，可能表示内容变化
Editor.tsx:698 画布渲染事件触发，可能表示内容变化
Editor.tsx:698 画布渲染事件触发，可能表示内容变化
Editor.tsx:698 画布渲染事件触发，可能表示内容变化
Editor.tsx:698 画布渲染事件触发，可能表示内容变化
Editor.tsx:698 画布渲染事件触发，可能表示内容变化
Editor.tsx:698 画布渲染事件触发，可能表示内容变化
Editor.tsx:698 画布渲染事件触发，可能表示内容变化
Editor.tsx:698 画布渲染事件触发，可能表示内容变化
command_manager.ts:136  Exec  [Add Rect]
ProjectManagementService.ts:448 标记项目为已修改: 1756460318505-o152f6b9m
ProjectManagementService.ts:463 项目已经是已修改状态，无需更新
ProjectManagementService.ts:470 通知自动保存服务项目已修改
Editor.tsx:698 画布渲染事件触发，可能表示内容变化
Editor.tsx:698 画布渲染事件触发，可能表示内容变化
ProjectManagementService.ts:448 标记项目为已修改: 1756460318505-o152f6b9m
ProjectManagementService.ts:463 项目已经是已修改状态，无需更新
ProjectManagementService.ts:470 通知自动保存服务项目已修改
ProjectManagementService.ts:448 标记项目为已修改: 1756460318505-o152f6b9m
ProjectManagementService.ts:463 项目已经是已修改状态，无需更新
ProjectManagementService.ts:470 通知自动保存服务项目已修改
ProjectManagementService.ts:448 标记项目为已修改: 1756460318505-o152f6b9m
ProjectManagementService.ts:463 项目已经是已修改状态，无需更新
ProjectManagementService.ts:470 通知自动保存服务项目已修改
ProjectManagementService.ts:448 标记项目为已修改: 1756460318505-o152f6b9m
ProjectManagementService.ts:463 项目已经是已修改状态，无需更新
ProjectManagementService.ts:470 通知自动保存服务项目已修改
ProjectManagementService.ts:448 标记项目为已修改: 1756460318505-o152f6b9m
ProjectManagementService.ts:463 项目已经是已修改状态，无需更新
ProjectManagementService.ts:470 通知自动保存服务项目已修改
ProjectManagementService.ts:448 标记项目为已修改: 1756460318505-o152f6b9m
ProjectManagementService.ts:463 项目已经是已修改状态，无需更新
ProjectManagementService.ts:470 通知自动保存服务项目已修改
ProjectManagementService.ts:448 标记项目为已修改: 1756460318505-o152f6b9m
ProjectManagementService.ts:463 项目已经是已修改状态，无需更新
ProjectManagementService.ts:470 通知自动保存服务项目已修改
ProjectManagementService.ts:448 标记项目为已修改: 1756460318505-o152f6b9m
ProjectManagementService.ts:463 项目已经是已修改状态，无需更新
ProjectManagementService.ts:470 通知自动保存服务项目已修改
ProjectManagementService.ts:448 标记项目为已修改: 1756460318505-o152f6b9m
ProjectManagementService.ts:463 项目已经是已修改状态，无需更新
ProjectManagementService.ts:470 通知自动保存服务项目已修改
ProjectManagementService.ts:448 标记项目为已修改: 1756460318505-o152f6b9m
ProjectManagementService.ts:463 项目已经是已修改状态，无需更新
ProjectManagementService.ts:470 通知自动保存服务项目已修改
ProjectManagementService.ts:448 标记项目为已修改: 1756460318505-o152f6b9m
ProjectManagementService.ts:463 项目已经是已修改状态，无需更新
ProjectManagementService.ts:470 通知自动保存服务项目已修改
ProjectManagementService.ts:448 标记项目为已修改: 1756460318505-o152f6b9m
ProjectManagementService.ts:463 项目已经是已修改状态，无需更新
ProjectManagementService.ts:470 通知自动保存服务项目已修改
ProjectManagementService.ts:448 标记项目为已修改: 1756460318505-o152f6b9m
ProjectManagementService.ts:463 项目已经是已修改状态，无需更新
ProjectManagementService.ts:470 通知自动保存服务项目已修改
canvasStateManager.ts:105 画布状态管理器：sceneGraph状态检查通过
Editor.tsx:698 画布渲染事件触发，可能表示内容变化
Editor.tsx:698 画布渲染事件触发，可能表示内容变化
ProjectManagementService.ts:448 标记项目为已修改: 1756460318505-o152f6b9m
ProjectManagementService.ts:463 项目已经是已修改状态，无需更新
ProjectManagementService.ts:470 通知自动保存服务项目已修改
ProjectManagementService.ts:448 标记项目为已修改: 1756460318505-o152f6b9m
ProjectManagementService.ts:463 项目已经是已修改状态，无需更新
ProjectManagementService.ts:470 通知自动保存服务项目已修改
canvasStateManager.ts:105 画布状态管理器：sceneGraph状态检查通过
Editor.tsx:698 画布渲染事件触发，可能表示内容变化
Editor.tsx:698 画布渲染事件触发，可能表示内容变化
ProjectTabs.tsx:44 标签页被点击: 1756449993439-qpyvyvefw
ProjectManagementService.ts:268 切换到标签页: 1756449993439-qpyvyvefw
ProjectManagementService.ts:336 标签页切换完成: {tabId: '1756449993439-qpyvyvefw', activeTabId: '1756449993439-qpyvyvefw', tabsCount: 2}
ProjectManagementService.ts:448 标记项目为已修改: 1756460318505-o152f6b9m
ProjectManagementService.ts:452 项目标签页状态更新: 未修改 → 已修改
ProjectManagementService.ts:458 已发射tabsChanged事件，标签页数量: 2
ProjectManagementService.ts:448 标记项目为已修改: 1756460318505-o152f6b9m
ProjectManagementService.ts:463 项目已经是已修改状态，无需更新
useProjectManagement.ts:189 检测到状态不同步，触发同步: {serviceTabs: 2, reactTabs: 2, serviceActiveTabId: '1756449993439-qpyvyvefw', reactActiveTabId: '1756460318505-o152f6b9m'}
Header.tsx:36 Header 渲染 - 标签页数据: {projectTabsLength: 2, projectTabs: Array(2), activeTabId: '1756449993439-qpyvyvefw', hasOnTabSelect: true, hasOnTabClose: true, …}
Header.tsx:36 Header 渲染 - 标签页数据: {projectTabsLength: 2, projectTabs: Array(2), activeTabId: '1756449993439-qpyvyvefw', hasOnTabSelect: true, hasOnTabClose: true, …}
ProjectTabs.tsx:35 ProjectTabs 渲染: {tabsCount: 2, tabs: Array(2), activeTabId: '1756449993439-qpyvyvefw', hasOnTabSelect: true}
ProjectTabs.tsx:35 ProjectTabs 渲染: {tabsCount: 2, tabs: Array(2), activeTabId: '1756449993439-qpyvyvefw', hasOnTabSelect: true}
Editor.tsx:724 已清理编辑器事件监听器
Editor.tsx:706 已监听编辑器sceneGraph.render事件
Editor.tsx:698 画布渲染事件触发，可能表示内容变化
Editor.tsx:698 画布渲染事件触发，可能表示内容变化
ProjectManagementService.ts:448 标记项目为已修改: 1756449993439-qpyvyvefw
ProjectManagementService.ts:463 项目已经是已修改状态，无需更新
ProjectManagementService.ts:470 通知自动保存服务项目已修改
ProjectManagementService.ts:448 标记项目为已修改: 1756449993439-qpyvyvefw
ProjectManagementService.ts:463 项目已经是已修改状态，无需更新
ProjectManagementService.ts:470 通知自动保存服务项目已修改
canvasStateManager.ts:105 画布状态管理器：sceneGraph状态检查通过
canvasStateManager.ts:105 画布状态管理器：sceneGraph状态检查通过
